2026-02-18 19:22:12.960 INFO  [pool-1-thread-1] Handler.RootHandler - Root endpoint hit /usuarios
2026-02-18 19:22:13.067 INFO  [pool-1-thread-2] Handler.RootHandler - Root endpoint hit /favicon.ico
2026-02-18 19:53:51.385 INFO  [pool-1-thread-3] Handler.TicketHandler - Incoming request GET /tickets
2026-02-18 19:53:51.386 INFO  [pool-1-thread-3] Proxy.TicketProxy - Calling API1 GET http://localhost:1914/tickets
2026-02-18 19:53:51.599 INFO  [pool-1-thread-3] Proxy.TicketProxy - API1 GET /tickets ok http=200 timeMs=213 bodySize=170
2026-02-18 19:53:51.601 INFO  [pool-1-thread-3] Handler.TicketHandler - Completed GET /tickets status=200 timeMs=216
2026-02-18 19:54:27.737 INFO  [pool-1-thread-4] Handler.TicketHandler - Incoming request GET /tickets
2026-02-18 19:54:27.741 INFO  [pool-1-thread-4] Proxy.TicketProxy - Calling API1 GET http://localhost:1914/tickets
2026-02-18 19:54:27.844 INFO  [pool-1-thread-4] Proxy.TicketProxy - API1 GET /tickets ok http=200 timeMs=103 bodySize=170
2026-02-18 19:54:27.846 INFO  [pool-1-thread-4] Handler.TicketHandler - Completed GET /tickets status=200 timeMs=109
2026-02-18 19:54:48.945 INFO  [pool-1-thread-1] Handler.TicketHandler - Incoming request GET /tickets
2026-02-18 19:54:48.952 INFO  [pool-1-thread-1] Proxy.TicketProxy - LB -> Calling API1 GET http://localhost:1914/tickets connectTimeout=2000ms readTimeout=3000ms
2026-02-18 19:54:49.075 INFO  [pool-1-thread-1] Proxy.TicketProxy - LB -> Response http=200 totalTime=123ms
2026-02-18 19:54:49.121 INFO  [pool-1-thread-1] Handler.TicketHandler - Completed GET /tickets status=200 timeMs=179
2026-02-18 19:55:17.487 INFO  [pool-1-thread-2] Handler.TicketHandler - Incoming request GET /tickets
2026-02-18 19:55:17.488 INFO  [pool-1-thread-2] Proxy.TicketProxy - LB -> Calling API1 GET http://localhost:1914/tickets connectTimeout=2000ms readTimeout=3000ms
2026-02-18 19:55:17.492 ERROR [pool-1-thread-2] Proxy.TicketProxy - LB -> ERROR calling http://localhost:1914/tickets after 4ms err=java.net.ConnectException: Connection refused: getsockopt
java.net.ConnectException: Connection refused: getsockopt
	at java.base/sun.nio.ch.Net.pollConnect(Native Method)
	at java.base/sun.nio.ch.Net.pollConnectNow(Net.java:682)
	at java.base/sun.nio.ch.NioSocketImpl.timedFinishConnect(NioSocketImpl.java:542)
	at java.base/sun.nio.ch.NioSocketImpl.connect(NioSocketImpl.java:592)
	at java.base/java.net.Socket.connect(Socket.java:751)
	at java.base/sun.net.NetworkClient.doConnect(NetworkClient.java:178)
	at java.base/sun.net.www.http.HttpClient.openServer(HttpClient.java:531)
	at java.base/sun.net.www.http.HttpClient.openServer(HttpClient.java:636)
	at java.base/sun.net.www.http.HttpClient.<init>(HttpClient.java:280)
	at java.base/sun.net.www.http.HttpClient.New(HttpClient.java:386)
	at java.base/sun.net.www.http.HttpClient.New(HttpClient.java:408)
	at java.base/sun.net.www.protocol.http.HttpURLConnection.getNewHttpClient(HttpURLConnection.java:1319)
	at java.base/sun.net.www.protocol.http.HttpURLConnection.plainConnect0(HttpURLConnection.java:1252)
	at java.base/sun.net.www.protocol.http.HttpURLConnection.plainConnect(HttpURLConnection.java:1138)
	at java.base/sun.net.www.protocol.http.HttpURLConnection.connect(HttpURLConnection.java:1067)
	at java.base/sun.net.www.protocol.http.HttpURLConnection.getInputStream0(HttpURLConnection.java:1690)
	at java.base/sun.net.www.protocol.http.HttpURLConnection.getInputStream(HttpURLConnection.java:1614)
	at java.base/java.net.HttpURLConnection.getResponseCode(HttpURLConnection.java:531)
	at Proxy.TicketProxy.obtenerTickets(TicketProxy.java:46)
	at Service.TicketService.listarTickets(TicketService.java:31)
	at Handler.TicketHandler.manejarGet(TicketHandler.java:65)
	at Handler.TicketHandler.handle(TicketHandler.java:40)
	at Server.TicketServer.lambda$start$0(TicketServer.java:39)
	at jdk.httpserver/com.sun.net.httpserver.Filter$Chain.doFilter(Filter.java:98)
	at jdk.httpserver/sun.net.httpserver.AuthFilter.doFilter(AuthFilter.java:82)
	at jdk.httpserver/com.sun.net.httpserver.Filter$Chain.doFilter(Filter.java:101)
	at jdk.httpserver/sun.net.httpserver.ServerImpl$Exchange$LinkHandler.handle(ServerImpl.java:871)
	at jdk.httpserver/com.sun.net.httpserver.Filter$Chain.doFilter(Filter.java:98)
	at jdk.httpserver/sun.net.httpserver.ServerImpl$Exchange.run(ServerImpl.java:847)
	at java.base/java.util.concurrent.ThreadPoolExecutor.runWorker(ThreadPoolExecutor.java:1144)
	at java.base/java.util.concurrent.ThreadPoolExecutor$Worker.run(ThreadPoolExecutor.java:642)
	at java.base/java.lang.Thread.run(Thread.java:1583)
2026-02-18 19:55:17.501 ERROR [pool-1-thread-2] Handler.TicketHandler - Request failed GET /tickets - java.net.ConnectException: Connection refused: getsockopt
java.net.ConnectException: Connection refused: getsockopt
	at java.base/sun.nio.ch.Net.pollConnect(Native Method)
	at java.base/sun.nio.ch.Net.pollConnectNow(Net.java:682)
	at java.base/sun.nio.ch.NioSocketImpl.timedFinishConnect(NioSocketImpl.java:542)
	at java.base/sun.nio.ch.NioSocketImpl.connect(NioSocketImpl.java:592)
	at java.base/java.net.Socket.connect(Socket.java:751)
	at java.base/sun.net.NetworkClient.doConnect(NetworkClient.java:178)
	at java.base/sun.net.www.http.HttpClient.openServer(HttpClient.java:531)
	at java.base/sun.net.www.http.HttpClient.openServer(HttpClient.java:636)
	at java.base/sun.net.www.http.HttpClient.<init>(HttpClient.java:280)
	at java.base/sun.net.www.http.HttpClient.New(HttpClient.java:386)
	at java.base/sun.net.www.http.HttpClient.New(HttpClient.java:408)
	at java.base/sun.net.www.protocol.http.HttpURLConnection.getNewHttpClient(HttpURLConnection.java:1319)
	at java.base/sun.net.www.protocol.http.HttpURLConnection.plainConnect0(HttpURLConnection.java:1252)
	at java.base/sun.net.www.protocol.http.HttpURLConnection.plainConnect(HttpURLConnection.java:1138)
	at java.base/sun.net.www.protocol.http.HttpURLConnection.connect(HttpURLConnection.java:1067)
	at java.base/sun.net.www.protocol.http.HttpURLConnection.getInputStream0(HttpURLConnection.java:1690)
	at java.base/sun.net.www.protocol.http.HttpURLConnection.getInputStream(HttpURLConnection.java:1614)
	at java.base/java.net.HttpURLConnection.getResponseCode(HttpURLConnection.java:531)
	at Proxy.TicketProxy.obtenerTickets(TicketProxy.java:46)
	at Service.TicketService.listarTickets(TicketService.java:31)
	at Handler.TicketHandler.manejarGet(TicketHandler.java:65)
	at Handler.TicketHandler.handle(TicketHandler.java:40)
	at Server.TicketServer.lambda$start$0(TicketServer.java:39)
	at jdk.httpserver/com.sun.net.httpserver.Filter$Chain.doFilter(Filter.java:98)
	at jdk.httpserver/sun.net.httpserver.AuthFilter.doFilter(AuthFilter.java:82)
	at jdk.httpserver/com.sun.net.httpserver.Filter$Chain.doFilter(Filter.java:101)
	at jdk.httpserver/sun.net.httpserver.ServerImpl$Exchange$LinkHandler.handle(ServerImpl.java:871)
	at jdk.httpserver/com.sun.net.httpserver.Filter$Chain.doFilter(Filter.java:98)
	at jdk.httpserver/sun.net.httpserver.ServerImpl$Exchange.run(ServerImpl.java:847)
	at java.base/java.util.concurrent.ThreadPoolExecutor.runWorker(ThreadPoolExecutor.java:1144)
	at java.base/java.util.concurrent.ThreadPoolExecutor$Worker.run(ThreadPoolExecutor.java:642)
	at java.base/java.lang.Thread.run(Thread.java:1583)
2026-02-18 19:55:17.505 INFO  [pool-1-thread-2] Handler.TicketHandler - Completed GET /tickets status=500 timeMs=18
2026-02-18 20:07:05.324 INFO  [pool-1-thread-1] Handler.TicketHandler - Incoming request GET /tickets
2026-02-18 20:07:05.328 INFO  [pool-1-thread-1] Proxy.TicketProxy - LB -> Calling API1 GET http://localhost:1914/tickets connectTimeout=20ms readTimeout=30ms
2026-02-18 20:07:05.399 ERROR [pool-1-thread-1] Proxy.TicketProxy - LB -> ERROR calling http://localhost:1914/tickets after 71ms err=java.net.SocketTimeoutException: Read timed out
java.net.SocketTimeoutException: Read timed out
	at java.base/sun.nio.ch.NioSocketImpl.timedRead(NioSocketImpl.java:278)
	at java.base/sun.nio.ch.NioSocketImpl.implRead(NioSocketImpl.java:304)
	at java.base/sun.nio.ch.NioSocketImpl.read(NioSocketImpl.java:346)
	at java.base/sun.nio.ch.NioSocketImpl$1.read(NioSocketImpl.java:796)
	at java.base/java.net.Socket$SocketInputStream.read(Socket.java:1099)
	at java.base/java.io.BufferedInputStream.fill(BufferedInputStream.java:291)
	at java.base/java.io.BufferedInputStream.read1(BufferedInputStream.java:347)
	at java.base/java.io.BufferedInputStream.implRead(BufferedInputStream.java:420)
	at java.base/java.io.BufferedInputStream.read(BufferedInputStream.java:399)
	at java.base/sun.net.www.http.HttpClient.parseHTTPHeader(HttpClient.java:827)
	at java.base/sun.net.www.http.HttpClient.parseHTTP(HttpClient.java:759)
	at java.base/sun.net.www.protocol.http.HttpURLConnection.getInputStream0(HttpURLConnection.java:1705)
	at java.base/sun.net.www.protocol.http.HttpURLConnection.getInputStream(HttpURLConnection.java:1614)
	at java.base/java.net.HttpURLConnection.getResponseCode(HttpURLConnection.java:531)
	at Proxy.TicketProxy.obtenerTickets(TicketProxy.java:46)
	at Service.TicketService.listarTickets(TicketService.java:31)
	at Handler.TicketHandler.manejarGet(TicketHandler.java:65)
	at Handler.TicketHandler.handle(TicketHandler.java:40)
	at Server.TicketServer.lambda$start$0(TicketServer.java:39)
	at jdk.httpserver/com.sun.net.httpserver.Filter$Chain.doFilter(Filter.java:98)
	at jdk.httpserver/sun.net.httpserver.AuthFilter.doFilter(AuthFilter.java:82)
	at jdk.httpserver/com.sun.net.httpserver.Filter$Chain.doFilter(Filter.java:101)
	at jdk.httpserver/sun.net.httpserver.ServerImpl$Exchange$LinkHandler.handle(ServerImpl.java:871)
	at jdk.httpserver/com.sun.net.httpserver.Filter$Chain.doFilter(Filter.java:98)
	at jdk.httpserver/sun.net.httpserver.ServerImpl$Exchange.run(ServerImpl.java:847)
	at java.base/java.util.concurrent.ThreadPoolExecutor.runWorker(ThreadPoolExecutor.java:1144)
	at java.base/java.util.concurrent.ThreadPoolExecutor$Worker.run(ThreadPoolExecutor.java:642)
	at java.base/java.lang.Thread.run(Thread.java:1583)
2026-02-18 20:07:05.405 ERROR [pool-1-thread-1] Handler.TicketHandler - Request failed GET /tickets - java.net.SocketTimeoutException: Read timed out
java.net.SocketTimeoutException: Read timed out
	at java.base/sun.nio.ch.NioSocketImpl.timedRead(NioSocketImpl.java:278)
	at java.base/sun.nio.ch.NioSocketImpl.implRead(NioSocketImpl.java:304)
	at java.base/sun.nio.ch.NioSocketImpl.read(NioSocketImpl.java:346)
	at java.base/sun.nio.ch.NioSocketImpl$1.read(NioSocketImpl.java:796)
	at java.base/java.net.Socket$SocketInputStream.read(Socket.java:1099)
	at java.base/java.io.BufferedInputStream.fill(BufferedInputStream.java:291)
	at java.base/java.io.BufferedInputStream.read1(BufferedInputStream.java:347)
	at java.base/java.io.BufferedInputStream.implRead(BufferedInputStream.java:420)
	at java.base/java.io.BufferedInputStream.read(BufferedInputStream.java:399)
	at java.base/sun.net.www.http.HttpClient.parseHTTPHeader(HttpClient.java:827)
	at java.base/sun.net.www.http.HttpClient.parseHTTP(HttpClient.java:759)
	at java.base/sun.net.www.protocol.http.HttpURLConnection.getInputStream0(HttpURLConnection.java:1705)
	at java.base/sun.net.www.protocol.http.HttpURLConnection.getInputStream(HttpURLConnection.java:1614)
	at java.base/java.net.HttpURLConnection.getResponseCode(HttpURLConnection.java:531)
	at Proxy.TicketProxy.obtenerTickets(TicketProxy.java:46)
	at Service.TicketService.listarTickets(TicketService.java:31)
	at Handler.TicketHandler.manejarGet(TicketHandler.java:65)
	at Handler.TicketHandler.handle(TicketHandler.java:40)
	at Server.TicketServer.lambda$start$0(TicketServer.java:39)
	at jdk.httpserver/com.sun.net.httpserver.Filter$Chain.doFilter(Filter.java:98)
	at jdk.httpserver/sun.net.httpserver.AuthFilter.doFilter(AuthFilter.java:82)
	at jdk.httpserver/com.sun.net.httpserver.Filter$Chain.doFilter(Filter.java:101)
	at jdk.httpserver/sun.net.httpserver.ServerImpl$Exchange$LinkHandler.handle(ServerImpl.java:871)
	at jdk.httpserver/com.sun.net.httpserver.Filter$Chain.doFilter(Filter.java:98)
	at jdk.httpserver/sun.net.httpserver.ServerImpl$Exchange.run(ServerImpl.java:847)
	at java.base/java.util.concurrent.ThreadPoolExecutor.runWorker(ThreadPoolExecutor.java:1144)
	at java.base/java.util.concurrent.ThreadPoolExecutor$Worker.run(ThreadPoolExecutor.java:642)
	at java.base/java.lang.Thread.run(Thread.java:1583)
2026-02-18 20:07:05.452 INFO  [pool-1-thread-1] Handler.TicketHandler - Completed GET /tickets status=500 timeMs=133
2026-02-18 20:11:29.013 INFO  [pool-1-thread-1] Handler.TicketHandler - Incoming request GET /tickets
2026-02-18 20:11:29.018 INFO  [pool-1-thread-1] Proxy.TicketProxy - LB -> Calling API1 GET http://localhost:1914/tickets connectTimeout=10000ms readTimeout=50ms
2026-02-18 20:11:29.107 ERROR [pool-1-thread-1] Proxy.TicketProxy - LB -> ERROR calling http://localhost:1914/tickets after 90ms err=java.net.SocketTimeoutException: Read timed out
java.net.SocketTimeoutException: Read timed out
	at java.base/sun.nio.ch.NioSocketImpl.timedRead(NioSocketImpl.java:278)
	at java.base/sun.nio.ch.NioSocketImpl.implRead(NioSocketImpl.java:304)
	at java.base/sun.nio.ch.NioSocketImpl.read(NioSocketImpl.java:346)
	at java.base/sun.nio.ch.NioSocketImpl$1.read(NioSocketImpl.java:796)
	at java.base/java.net.Socket$SocketInputStream.read(Socket.java:1099)
	at java.base/java.io.BufferedInputStream.fill(BufferedInputStream.java:291)
	at java.base/java.io.BufferedInputStream.read1(BufferedInputStream.java:347)
	at java.base/java.io.BufferedInputStream.implRead(BufferedInputStream.java:420)
	at java.base/java.io.BufferedInputStream.read(BufferedInputStream.java:399)
	at java.base/sun.net.www.http.HttpClient.parseHTTPHeader(HttpClient.java:827)
	at java.base/sun.net.www.http.HttpClient.parseHTTP(HttpClient.java:759)
	at java.base/sun.net.www.protocol.http.HttpURLConnection.getInputStream0(HttpURLConnection.java:1705)
	at java.base/sun.net.www.protocol.http.HttpURLConnection.getInputStream(HttpURLConnection.java:1614)
	at java.base/java.net.HttpURLConnection.getResponseCode(HttpURLConnection.java:531)
	at Proxy.TicketProxy.obtenerTickets(TicketProxy.java:45)
	at Service.TicketService.listarTickets(TicketService.java:31)
	at Handler.TicketHandler.manejarGet(TicketHandler.java:65)
	at Handler.TicketHandler.handle(TicketHandler.java:40)
	at Server.TicketServer.lambda$start$0(TicketServer.java:39)
	at jdk.httpserver/com.sun.net.httpserver.Filter$Chain.doFilter(Filter.java:98)
	at jdk.httpserver/sun.net.httpserver.AuthFilter.doFilter(AuthFilter.java:82)
	at jdk.httpserver/com.sun.net.httpserver.Filter$Chain.doFilter(Filter.java:101)
	at jdk.httpserver/sun.net.httpserver.ServerImpl$Exchange$LinkHandler.handle(ServerImpl.java:871)
	at jdk.httpserver/com.sun.net.httpserver.Filter$Chain.doFilter(Filter.java:98)
	at jdk.httpserver/sun.net.httpserver.ServerImpl$Exchange.run(ServerImpl.java:847)
	at java.base/java.util.concurrent.ThreadPoolExecutor.runWorker(ThreadPoolExecutor.java:1144)
	at java.base/java.util.concurrent.ThreadPoolExecutor$Worker.run(ThreadPoolExecutor.java:642)
	at java.base/java.lang.Thread.run(Thread.java:1583)
2026-02-18 20:11:29.112 ERROR [pool-1-thread-1] Handler.TicketHandler - Request failed GET /tickets - java.net.SocketTimeoutException: Read timed out
java.net.SocketTimeoutException: Read timed out
	at java.base/sun.nio.ch.NioSocketImpl.timedRead(NioSocketImpl.java:278)
	at java.base/sun.nio.ch.NioSocketImpl.implRead(NioSocketImpl.java:304)
	at java.base/sun.nio.ch.NioSocketImpl.read(NioSocketImpl.java:346)
	at java.base/sun.nio.ch.NioSocketImpl$1.read(NioSocketImpl.java:796)
	at java.base/java.net.Socket$SocketInputStream.read(Socket.java:1099)
	at java.base/java.io.BufferedInputStream.fill(BufferedInputStream.java:291)
	at java.base/java.io.BufferedInputStream.read1(BufferedInputStream.java:347)
	at java.base/java.io.BufferedInputStream.implRead(BufferedInputStream.java:420)
	at java.base/java.io.BufferedInputStream.read(BufferedInputStream.java:399)
	at java.base/sun.net.www.http.HttpClient.parseHTTPHeader(HttpClient.java:827)
	at java.base/sun.net.www.http.HttpClient.parseHTTP(HttpClient.java:759)
	at java.base/sun.net.www.protocol.http.HttpURLConnection.getInputStream0(HttpURLConnection.java:1705)
	at java.base/sun.net.www.protocol.http.HttpURLConnection.getInputStream(HttpURLConnection.java:1614)
	at java.base/java.net.HttpURLConnection.getResponseCode(HttpURLConnection.java:531)
	at Proxy.TicketProxy.obtenerTickets(TicketProxy.java:45)
	at Service.TicketService.listarTickets(TicketService.java:31)
	at Handler.TicketHandler.manejarGet(TicketHandler.java:65)
	at Handler.TicketHandler.handle(TicketHandler.java:40)
	at Server.TicketServer.lambda$start$0(TicketServer.java:39)
	at jdk.httpserver/com.sun.net.httpserver.Filter$Chain.doFilter(Filter.java:98)
	at jdk.httpserver/sun.net.httpserver.AuthFilter.doFilter(AuthFilter.java:82)
	at jdk.httpserver/com.sun.net.httpserver.Filter$Chain.doFilter(Filter.java:101)
	at jdk.httpserver/sun.net.httpserver.ServerImpl$Exchange$LinkHandler.handle(ServerImpl.java:871)
	at jdk.httpserver/com.sun.net.httpserver.Filter$Chain.doFilter(Filter.java:98)
	at jdk.httpserver/sun.net.httpserver.ServerImpl$Exchange.run(ServerImpl.java:847)
	at java.base/java.util.concurrent.ThreadPoolExecutor.runWorker(ThreadPoolExecutor.java:1144)
	at java.base/java.util.concurrent.ThreadPoolExecutor$Worker.run(ThreadPoolExecutor.java:642)
	at java.base/java.lang.Thread.run(Thread.java:1583)
2026-02-18 20:11:29.154 INFO  [pool-1-thread-1] Handler.TicketHandler - Completed GET /tickets status=500 timeMs=143
2026-02-18 20:18:31.496 INFO  [pool-1-thread-2] Handler.TicketHandler - Incoming request POST /tickets
2026-02-18 20:18:31.685 INFO  [pool-1-thread-2] Proxy.TicketProxy - Calling API1 POST http://localhost:1914/tickets bodySize=99
2026-02-18 20:18:31.930 ERROR [pool-1-thread-2] Proxy.TicketProxy - API1 POST /tickets exception http=500 timeMs=254 err=java.lang.NullPointerException
java.lang.NullPointerException: null
	at java.base/java.io.Reader.<init>(Reader.java:168)
	at java.base/java.io.InputStreamReader.<init>(InputStreamReader.java:123)
	at Proxy.TicketProxy.enviarTicket(TicketProxy.java:114)
	at Service.TicketService.crearTicket(TicketService.java:26)
	at Handler.TicketHandler.manejarPost(TicketHandler.java:76)
	at Handler.TicketHandler.handle(TicketHandler.java:45)
	at Server.TicketServer.lambda$start$0(TicketServer.java:39)
	at jdk.httpserver/com.sun.net.httpserver.Filter$Chain.doFilter(Filter.java:98)
	at jdk.httpserver/sun.net.httpserver.AuthFilter.doFilter(AuthFilter.java:82)
	at jdk.httpserver/com.sun.net.httpserver.Filter$Chain.doFilter(Filter.java:101)
	at jdk.httpserver/sun.net.httpserver.ServerImpl$Exchange$LinkHandler.handle(ServerImpl.java:871)
	at jdk.httpserver/com.sun.net.httpserver.Filter$Chain.doFilter(Filter.java:98)
	at jdk.httpserver/sun.net.httpserver.ServerImpl$Exchange.run(ServerImpl.java:847)
	at java.base/java.util.concurrent.ThreadPoolExecutor.runWorker(ThreadPoolExecutor.java:1144)
	at java.base/java.util.concurrent.ThreadPoolExecutor$Worker.run(ThreadPoolExecutor.java:642)
	at java.base/java.lang.Thread.run(Thread.java:1583)
2026-02-18 20:18:31.930 ERROR [pool-1-thread-2] Handler.TicketHandler - Request failed POST /tickets - java.lang.NullPointerException
java.lang.NullPointerException: null
	at java.base/java.io.Reader.<init>(Reader.java:168)
	at java.base/java.io.InputStreamReader.<init>(InputStreamReader.java:123)
	at Proxy.TicketProxy.enviarTicket(TicketProxy.java:114)
	at Service.TicketService.crearTicket(TicketService.java:26)
	at Handler.TicketHandler.manejarPost(TicketHandler.java:76)
	at Handler.TicketHandler.handle(TicketHandler.java:45)
	at Server.TicketServer.lambda$start$0(TicketServer.java:39)
	at jdk.httpserver/com.sun.net.httpserver.Filter$Chain.doFilter(Filter.java:98)
	at jdk.httpserver/sun.net.httpserver.AuthFilter.doFilter(AuthFilter.java:82)
	at jdk.httpserver/com.sun.net.httpserver.Filter$Chain.doFilter(Filter.java:101)
	at jdk.httpserver/sun.net.httpserver.ServerImpl$Exchange$LinkHandler.handle(ServerImpl.java:871)
	at jdk.httpserver/com.sun.net.httpserver.Filter$Chain.doFilter(Filter.java:98)
	at jdk.httpserver/sun.net.httpserver.ServerImpl$Exchange.run(ServerImpl.java:847)
	at java.base/java.util.concurrent.ThreadPoolExecutor.runWorker(ThreadPoolExecutor.java:1144)
	at java.base/java.util.concurrent.ThreadPoolExecutor$Worker.run(ThreadPoolExecutor.java:642)
	at java.base/java.lang.Thread.run(Thread.java:1583)
2026-02-18 20:18:31.932 INFO  [pool-1-thread-2] Handler.TicketHandler - Completed POST /tickets status=500 timeMs=436
2026-02-18 20:20:09.218 INFO  [pool-1-thread-1] Handler.TicketHandler - Incoming request POST /tickets
2026-02-18 20:20:09.744 INFO  [pool-1-thread-1] Proxy.TicketProxy - Calling API1 POST http://localhost:1914/tickets bodySize=99
2026-02-18 20:20:09.977 ERROR [pool-1-thread-1] Proxy.TicketProxy - API1 POST /tickets exception http=500 timeMs=242 err=java.lang.NullPointerException
java.lang.NullPointerException: null
	at java.base/java.io.Reader.<init>(Reader.java:168)
	at java.base/java.io.InputStreamReader.<init>(InputStreamReader.java:123)
	at Proxy.TicketProxy.enviarTicket(TicketProxy.java:114)
	at Service.TicketService.crearTicket(TicketService.java:26)
	at Handler.TicketHandler.manejarPost(TicketHandler.java:76)
	at Handler.TicketHandler.handle(TicketHandler.java:45)
	at Server.TicketServer.lambda$start$0(TicketServer.java:39)
	at jdk.httpserver/com.sun.net.httpserver.Filter$Chain.doFilter(Filter.java:98)
	at jdk.httpserver/sun.net.httpserver.AuthFilter.doFilter(AuthFilter.java:82)
	at jdk.httpserver/com.sun.net.httpserver.Filter$Chain.doFilter(Filter.java:101)
	at jdk.httpserver/sun.net.httpserver.ServerImpl$Exchange$LinkHandler.handle(ServerImpl.java:871)
	at jdk.httpserver/com.sun.net.httpserver.Filter$Chain.doFilter(Filter.java:98)
	at jdk.httpserver/sun.net.httpserver.ServerImpl$Exchange.run(ServerImpl.java:847)
	at java.base/java.util.concurrent.ThreadPoolExecutor.runWorker(ThreadPoolExecutor.java:1144)
	at java.base/java.util.concurrent.ThreadPoolExecutor$Worker.run(ThreadPoolExecutor.java:642)
	at java.base/java.lang.Thread.run(Thread.java:1583)
2026-02-18 20:20:09.981 ERROR [pool-1-thread-1] Handler.TicketHandler - Request failed POST /tickets - java.lang.NullPointerException
java.lang.NullPointerException: null
	at java.base/java.io.Reader.<init>(Reader.java:168)
	at java.base/java.io.InputStreamReader.<init>(InputStreamReader.java:123)
	at Proxy.TicketProxy.enviarTicket(TicketProxy.java:114)
	at Service.TicketService.crearTicket(TicketService.java:26)
	at Handler.TicketHandler.manejarPost(TicketHandler.java:76)
	at Handler.TicketHandler.handle(TicketHandler.java:45)
	at Server.TicketServer.lambda$start$0(TicketServer.java:39)
	at jdk.httpserver/com.sun.net.httpserver.Filter$Chain.doFilter(Filter.java:98)
	at jdk.httpserver/sun.net.httpserver.AuthFilter.doFilter(AuthFilter.java:82)
	at jdk.httpserver/com.sun.net.httpserver.Filter$Chain.doFilter(Filter.java:101)
	at jdk.httpserver/sun.net.httpserver.ServerImpl$Exchange$LinkHandler.handle(ServerImpl.java:871)
	at jdk.httpserver/com.sun.net.httpserver.Filter$Chain.doFilter(Filter.java:98)
	at jdk.httpserver/sun.net.httpserver.ServerImpl$Exchange.run(ServerImpl.java:847)
	at java.base/java.util.concurrent.ThreadPoolExecutor.runWorker(ThreadPoolExecutor.java:1144)
	at java.base/java.util.concurrent.ThreadPoolExecutor$Worker.run(ThreadPoolExecutor.java:642)
	at java.base/java.lang.Thread.run(Thread.java:1583)
2026-02-18 20:20:10.028 INFO  [pool-1-thread-1] Handler.TicketHandler - Completed POST /tickets status=500 timeMs=814
2026-02-18 20:20:48.261 INFO  [pool-1-thread-1] Handler.TicketHandler - Incoming request POST /tickets
2026-02-18 20:20:48.465 INFO  [pool-1-thread-1] Proxy.TicketProxy - Calling API1 POST http://localhost:1914/tickets bodySize=99
2026-02-18 20:20:48.651 ERROR [pool-1-thread-1] Proxy.TicketProxy - API1 POST /tickets exception http=500 timeMs=195 err=java.lang.NullPointerException
java.lang.NullPointerException: null
	at java.base/java.io.Reader.<init>(Reader.java:168)
	at java.base/java.io.InputStreamReader.<init>(InputStreamReader.java:123)
	at Proxy.TicketProxy.enviarTicket(TicketProxy.java:114)
	at Service.TicketService.crearTicket(TicketService.java:26)
	at Handler.TicketHandler.manejarPost(TicketHandler.java:76)
	at Handler.TicketHandler.handle(TicketHandler.java:45)
	at Server.TicketServer.lambda$start$0(TicketServer.java:39)
	at jdk.httpserver/com.sun.net.httpserver.Filter$Chain.doFilter(Filter.java:98)
	at jdk.httpserver/sun.net.httpserver.AuthFilter.doFilter(AuthFilter.java:82)
	at jdk.httpserver/com.sun.net.httpserver.Filter$Chain.doFilter(Filter.java:101)
	at jdk.httpserver/sun.net.httpserver.ServerImpl$Exchange$LinkHandler.handle(ServerImpl.java:871)
	at jdk.httpserver/com.sun.net.httpserver.Filter$Chain.doFilter(Filter.java:98)
	at jdk.httpserver/sun.net.httpserver.ServerImpl$Exchange.run(ServerImpl.java:847)
	at java.base/java.util.concurrent.ThreadPoolExecutor.runWorker(ThreadPoolExecutor.java:1144)
	at java.base/java.util.concurrent.ThreadPoolExecutor$Worker.run(ThreadPoolExecutor.java:642)
	at java.base/java.lang.Thread.run(Thread.java:1583)
2026-02-18 20:20:48.656 ERROR [pool-1-thread-1] Handler.TicketHandler - Request failed POST /tickets - java.lang.NullPointerException
java.lang.NullPointerException: null
	at java.base/java.io.Reader.<init>(Reader.java:168)
	at java.base/java.io.InputStreamReader.<init>(InputStreamReader.java:123)
	at Proxy.TicketProxy.enviarTicket(TicketProxy.java:114)
	at Service.TicketService.crearTicket(TicketService.java:26)
	at Handler.TicketHandler.manejarPost(TicketHandler.java:76)
	at Handler.TicketHandler.handle(TicketHandler.java:45)
	at Server.TicketServer.lambda$start$0(TicketServer.java:39)
	at jdk.httpserver/com.sun.net.httpserver.Filter$Chain.doFilter(Filter.java:98)
	at jdk.httpserver/sun.net.httpserver.AuthFilter.doFilter(AuthFilter.java:82)
	at jdk.httpserver/com.sun.net.httpserver.Filter$Chain.doFilter(Filter.java:101)
	at jdk.httpserver/sun.net.httpserver.ServerImpl$Exchange$LinkHandler.handle(ServerImpl.java:871)
	at jdk.httpserver/com.sun.net.httpserver.Filter$Chain.doFilter(Filter.java:98)
	at jdk.httpserver/sun.net.httpserver.ServerImpl$Exchange.run(ServerImpl.java:847)
	at java.base/java.util.concurrent.ThreadPoolExecutor.runWorker(ThreadPoolExecutor.java:1144)
	at java.base/java.util.concurrent.ThreadPoolExecutor$Worker.run(ThreadPoolExecutor.java:642)
	at java.base/java.lang.Thread.run(Thread.java:1583)
2026-02-18 20:20:48.698 INFO  [pool-1-thread-1] Handler.TicketHandler - Completed POST /tickets status=500 timeMs=441
2026-02-18 20:27:39.974 INFO  [pool-1-thread-1] Handler.TicketHandler - Incoming request POST /tickets
2026-02-18 20:27:40.424 INFO  [pool-1-thread-1] Proxy.TicketProxy - LB -> Calling API1 POST http://localhost:1914/tickets connectTimeout=10000ms readTimeout=200ms bodySize=99
2026-02-18 20:27:40.630 ERROR [pool-1-thread-1] Proxy.TicketProxy - LB -> ERROR calling API1 POST after 216ms err=java.net.SocketTimeoutException: Read timed out
java.net.SocketTimeoutException: Read timed out
	at java.base/sun.nio.ch.NioSocketImpl.timedRead(NioSocketImpl.java:278)
	at java.base/sun.nio.ch.NioSocketImpl.implRead(NioSocketImpl.java:304)
	at java.base/sun.nio.ch.NioSocketImpl.read(NioSocketImpl.java:346)
	at java.base/sun.nio.ch.NioSocketImpl$1.read(NioSocketImpl.java:796)
	at java.base/java.net.Socket$SocketInputStream.read(Socket.java:1099)
	at java.base/java.io.BufferedInputStream.fill(BufferedInputStream.java:291)
	at java.base/java.io.BufferedInputStream.read1(BufferedInputStream.java:347)
	at java.base/java.io.BufferedInputStream.implRead(BufferedInputStream.java:420)
	at java.base/java.io.BufferedInputStream.read(BufferedInputStream.java:399)
	at java.base/sun.net.www.http.HttpClient.parseHTTPHeader(HttpClient.java:827)
	at java.base/sun.net.www.http.HttpClient.parseHTTP(HttpClient.java:759)
	at java.base/sun.net.www.protocol.http.HttpURLConnection.getInputStream0(HttpURLConnection.java:1705)
	at java.base/sun.net.www.protocol.http.HttpURLConnection.getInputStream(HttpURLConnection.java:1614)
	at java.base/java.net.HttpURLConnection.getResponseCode(HttpURLConnection.java:531)
	at Proxy.TicketProxy.enviarTicket(TicketProxy.java:116)
	at Service.TicketService.crearTicket(TicketService.java:26)
	at Handler.TicketHandler.manejarPost(TicketHandler.java:76)
	at Handler.TicketHandler.handle(TicketHandler.java:45)
	at Server.TicketServer.lambda$start$0(TicketServer.java:39)
	at jdk.httpserver/com.sun.net.httpserver.Filter$Chain.doFilter(Filter.java:98)
	at jdk.httpserver/sun.net.httpserver.AuthFilter.doFilter(AuthFilter.java:82)
	at jdk.httpserver/com.sun.net.httpserver.Filter$Chain.doFilter(Filter.java:101)
	at jdk.httpserver/sun.net.httpserver.ServerImpl$Exchange$LinkHandler.handle(ServerImpl.java:871)
	at jdk.httpserver/com.sun.net.httpserver.Filter$Chain.doFilter(Filter.java:98)
	at jdk.httpserver/sun.net.httpserver.ServerImpl$Exchange.run(ServerImpl.java:847)
	at java.base/java.util.concurrent.ThreadPoolExecutor.runWorker(ThreadPoolExecutor.java:1144)
	at java.base/java.util.concurrent.ThreadPoolExecutor$Worker.run(ThreadPoolExecutor.java:642)
	at java.base/java.lang.Thread.run(Thread.java:1583)
2026-02-18 20:27:40.635 ERROR [pool-1-thread-1] Handler.TicketHandler - Request failed POST /tickets - java.net.SocketTimeoutException: Read timed out
java.net.SocketTimeoutException: Read timed out
	at java.base/sun.nio.ch.NioSocketImpl.timedRead(NioSocketImpl.java:278)
	at java.base/sun.nio.ch.NioSocketImpl.implRead(NioSocketImpl.java:304)
	at java.base/sun.nio.ch.NioSocketImpl.read(NioSocketImpl.java:346)
	at java.base/sun.nio.ch.NioSocketImpl$1.read(NioSocketImpl.java:796)
	at java.base/java.net.Socket$SocketInputStream.read(Socket.java:1099)
	at java.base/java.io.BufferedInputStream.fill(BufferedInputStream.java:291)
	at java.base/java.io.BufferedInputStream.read1(BufferedInputStream.java:347)
	at java.base/java.io.BufferedInputStream.implRead(BufferedInputStream.java:420)
	at java.base/java.io.BufferedInputStream.read(BufferedInputStream.java:399)
	at java.base/sun.net.www.http.HttpClient.parseHTTPHeader(HttpClient.java:827)
	at java.base/sun.net.www.http.HttpClient.parseHTTP(HttpClient.java:759)
	at java.base/sun.net.www.protocol.http.HttpURLConnection.getInputStream0(HttpURLConnection.java:1705)
	at java.base/sun.net.www.protocol.http.HttpURLConnection.getInputStream(HttpURLConnection.java:1614)
	at java.base/java.net.HttpURLConnection.getResponseCode(HttpURLConnection.java:531)
	at Proxy.TicketProxy.enviarTicket(TicketProxy.java:116)
	at Service.TicketService.crearTicket(TicketService.java:26)
	at Handler.TicketHandler.manejarPost(TicketHandler.java:76)
	at Handler.TicketHandler.handle(TicketHandler.java:45)
	at Server.TicketServer.lambda$start$0(TicketServer.java:39)
	at jdk.httpserver/com.sun.net.httpserver.Filter$Chain.doFilter(Filter.java:98)
	at jdk.httpserver/sun.net.httpserver.AuthFilter.doFilter(AuthFilter.java:82)
	at jdk.httpserver/com.sun.net.httpserver.Filter$Chain.doFilter(Filter.java:101)
	at jdk.httpserver/sun.net.httpserver.ServerImpl$Exchange$LinkHandler.handle(ServerImpl.java:871)
	at jdk.httpserver/com.sun.net.httpserver.Filter$Chain.doFilter(Filter.java:98)
	at jdk.httpserver/sun.net.httpserver.ServerImpl$Exchange.run(ServerImpl.java:847)
	at java.base/java.util.concurrent.ThreadPoolExecutor.runWorker(ThreadPoolExecutor.java:1144)
	at java.base/java.util.concurrent.ThreadPoolExecutor$Worker.run(ThreadPoolExecutor.java:642)
	at java.base/java.lang.Thread.run(Thread.java:1583)
2026-02-18 20:27:40.676 INFO  [pool-1-thread-1] Handler.TicketHandler - Completed POST /tickets status=500 timeMs=704
